
ASEM-51 V1.3                                         Copyright (c) 2002 by W.W. Heinz                                         PAGE 1





       MCS-51 Family Macro Assembler   A S E M - 5 1   V 1.3
       =====================================================



	Source File:	D:\Academic\7th Semester\EEE 4706\24 hour clock with assembly language for 8052\clockTime.asm
	Object File:	D:\Academic\7th Semester\EEE 4706\24 hour clock with assembly language for 8052\clockTime.hex
	List File:	D:\Academic\7th Semester\EEE 4706\24 hour clock with assembly language for 8052\clockTime.lst



 Line  I  Addr  Code            Source

    1:		N      0000	ORG 	00H
    2:	  0000	75 81 70	MOV	SP, #70H
    3:	  0003	75 D0 00	MOV 	PSW, #00H
    4:		B      00A5	RS	EQU P2.5
    5:		B      00A6	RW 	EQU P2.6
    6:		B      00A7	ENBL	EQU P2.7
    7:
    8:	  0006	74 38				MOV	A, #38H			;init. LCD 2 lines, 5x7 matrix
    9:	  0008	12 02 08			LCALL	COMMAND		;call command subroutine
   10:	  000B	12 02 39			LCALL DELAY			;give LCD some time
   11:	  000E	74 0E				MOV 	A, #0EH			;dispplay on, cursor on
   12:	  0010	12 02 08			LCALL	COMMAND		;call command subroutine
   13:	  0013	12 02 39			LCALL 	DELAY			;give LCD some time
   14:	  0016	74 01				MOV	A, #01			;clear LCD
   15:	  0018	12 02 08			LCALL	COMMAND		;call command subroutine
   16:	  001B	12 02 39			LCALL 	DELAY			;give LCD some time
   17:	  001E	74 06				MOV	A, #06H			;shift cursor right
   18:	  0020	12 02 08			LCALL	COMMAND		;call command subroutine
   19:	  0023	12 02 39			LCALL 	DELAY			;give LCD some time
   20:	  0026	74 82				MOV	A, #82H			;cursor at line 1 postion 1
   21:	  0028	12 02 08			LCALL	COMMAND		;call command subroutine
   22:	  002B	12 02 39			LCALL DELAY			;give LCD some time
   23:	  002E	51 39				ACALL 	DELAY
   24:
   25:	  0030	78 50		mov r0,#50h
   26:	  0032	7C 02		mov r4,#2
   27:				; Keyboard   function
   28:	  0034			keyboard:
   29:	  0034	74 0F			MOV A,#0FH
   30:	  0036	F5 B0			MOV P3,A
   31:	  0038	75 B0 0F	K1: 	MOV P3,#00001111B
   32:	  003B	E5 B0			MOV A,P3
   33:	  003D	54 0F			ANL A,#00001111B
   34:	  003F	B4 0F F6		CJNE A,#00001111B,K1
   35:
   36:	  0042	51 39		K2: 	ACALL DELAY
   37:	  0044	E5 B0			MOV A,P3
   38:	  0046	54 0F			ANL A,#00001111B
   39:	  0048	B4 0F 02		CJNE A,#00001111B,OVER
   40:	  004B	80 F5			SJMP K2
   41:
   42:	  004D	51 39		OVER: ACALL DELAY
   43:	  004F	E5 B0			MOV A,P3

ASEM-51 V1.3                                         Copyright (c) 2002 by W.W. Heinz                                         PAGE 2



 Line  I  Addr  Code            Source

   44:	  0051	54 0F			ANL A,#00001111B
   45:	  0053	B4 0F 02		CJNE A,#00001111B,OVER1
   46:	  0056	80 EA			SJMP K2
   47:
   48:	  0058	75 B0 EF	OVER1: 	MOV P3,#11101111B
   49:	  005B	E5 B0			MOV A,P3
   50:	  005D	54 0F			ANL A,#00001111B
   51:	  005F	B4 0F 1E		CJNE A,#00001111B,ROW_0
   52:	  0062	75 B0 DF		MOV P3,#11011111B
   53:	  0065	E5 B0			MOV A,P3
   54:	  0067	54 0F			ANL A,#00001111B
   55:	  0069	B4 0F 19		CJNE A,#00001111B,ROW_1
   56:	  006C	75 B0 7F		MOV P3,#01111111B
   57:	  006F	E5 B0			MOV A,P3
   58:	  0071	54 0F			ANL A,#00001111B
   59:	  0073	B4 0F 14		CJNE A,#00001111B,ROW_2
   60:	  0076	75 B0 BF		MOV P3,#10111111B
   61:	  0079	E5 B0			MOV A,P3
   62:	  007B	54 0F			ANL A,#00001111B
   63:	  007D	B4 0F 0F		CJNE A,#00001111B,ROW_3
   64:					;LJMP K2
   65:
   66:	  0080	90 02 89	ROW_0: 	MOV DPTR,#KCODE0
   67:	  0083	80 0D			SJMP FIND
   68:	  0085	90 02 85	ROW_1: 	MOV DPTR,#KCODE1
   69:	  0088	80 08			SJMP FIND
   70:	  008A	90 02 8D	ROW_2: 	MOV DPTR,#KCODE2
   71:	  008D	80 03			SJMP FIND
   72:	  008F	90 02 81	ROW_3: 	MOV DPTR,#KCODE3
   73:
   74:	  0092	13		FIND: 	RRC A
   75:	  0093	50 03			JNC MATCH
   76:	  0095	A3			INC DPTR
   77:	  0096	80 FA			SJMP FIND
   78:
   79:	  0098	E4		MATCH: 	CLR A
   80:	  0099	93			MOVC A,@A+DPTR
   81:	  009A	B4 99 06		CJNE A, #99H, ON_AC
   82:	  009D	74 01			MOV A,#01
   83:	  009F	51 08			ACALL COMMAND
   84:	  00A1	51 39			ACALL DELAY
   85:					;LJMP K1
   86:	  00A3			ON_AC:
   87:	  00A3	F6			mov @r0,a	;stores keyboard input ar location of @r0 like 50,51...
   88:	  00A4	24 30			add a,#30h	;shows ascii
   89:	  00A6	51 18			ACALL DISPLAY
   90:	  00A8	51 39			ACALL DELAY	;display keyboard input
   91:	  00AA	08			inc r0
   92:	  00AB	B8 56 86		cjne r0, #56h, keyboard
   93:					;LJMP K1
   94:	  00AE	A8 50		mov r0,50h	;h1
   95:	  00B0	A9 51		mov r1,51h	;h0
   96:	  00B2	AA 52		mov r2,52h	;m1
   97:	  00B4	AB 53		mov r3,53h	;m0
   98:	  00B6	AE 54		mov r6,54h	;s1
   99:	  00B8	AF 55		mov r7,55h	;s0

ASEM-51 V1.3                                         Copyright (c) 2002 by W.W. Heinz                                         PAGE 3



 Line  I  Addr  Code            Source

  100:
  101:	  00BA	7C 00		mov r4,#0h
  102:	  00BC	7D 00		mov r5,#0h
  103:	  00BE	75 32 00	mov 32h,#0h
  104:	  00C1	D2 A0		setb p2.0
  105:
  106:
  107:	  00C3	74 84				MOV A, #084H
  108:	  00C5	51 08				ACALL 	COMMAND
  109:	  00C7	51 39				ACALL 	DELAY
  110:	  00C9	E4				CLR 	A
  111:	  00CA	74 3A				MOV	A,#3ah
  112:	  00CC	12 02 18			LCALL 	DISPLAY
  113:	  00CF	12 02 39			LCALL 	DELAY
  114:
  115:	  00D2	74 87				MOV A, #087H
  116:	  00D4	51 08				ACALL 	COMMAND
  117:	  00D6	51 39				ACALL 	DELAY
  118:	  00D8	E4				CLR 	A
  119:	  00D9	74 3A				MOV	A,#3ah
  120:	  00DB	12 02 18			LCALL 	DISPLAY
  121:	  00DE	12 02 39			LCALL 	DELAY
  122:	  00E1	90 02 6B			MOV DPTR, #day
  123:	  00E4	85 82 43			mov 43h, dpl
  124:	  00E7	85 82 32			mov 32h,dpl
  125:						; day as extra feature
  126:	  00EA	90 02 6B			MOV DPTR, #day
  127:	  00ED	75 41 C2			mov 41h,#0c2H
  128:	  00F0	75 40 03			mov 40h,#3
  129:	  00F3	E5 41		l12:		MOV A, 41h
  130:	  00F5	85 32 82			mov dpl,32h
  131:	  00F8	51 08				ACALL 	COMMAND
  132:	  00FA	51 39				ACALL 	DELAY
  133:	  00FC	E4				CLR 	A
  134:	  00FD	93				MOVC 	A,@A+DPTR
  135:	  00FE	85 82 32			mov 32h,dpl
  136:	  0101	05 32				inc 32h
  137:	  0103	60 63				jz dayFINISH
  138:	  0105	12 02 18			LCALL 	DISPLAY
  139:	  0108	12 02 39			LCALL 	DELAY
  140:	  010B	05 41				inc 41h
  141:	  010D	D5 40 E3			djnz 40h,l12
  142:
  143:	  0110			start:
  144:	  0110	90 02 51	LOOP_1: 	MOV DPTR, #MSG_1
  145:	  0113	74 82				MOV A, #082H
  146:	  0115	51 08				ACALL 	COMMAND
  147:	  0117	51 39				ACALL 	DELAY
  148:
  149:	  0119	E4				CLR 	A
  150:	  011A	E8				mov a, r0
  151:	  011B	93				MOVC 	A,@A+DPTR
  152:	  011C	F5 30				mov 30h,a
  153:						;mov r0,dpl
  154:	  011E	60 5E				jz FINISH_12
  155:	  0120	12 02 18			LCALL 	DISPLAY

ASEM-51 V1.3                                         Copyright (c) 2002 by W.W. Heinz                                         PAGE 4



 Line  I  Addr  Code            Source

  156:	  0123	12 02 39			LCALL 	DELAY
  157:	  0126	08				inc r0
  158:
  159:
  160:
  161:
  162:	  0127	90 02 55	LOOP_2: 	mov dptr, #MSG_2
  163:	  012A	74 83				MOV A, #083H
  164:	  012C	51 08				ACALL 	COMMAND
  165:	  012E	51 39				ACALL 	DELAY
  166:	  0130	E4				CLR 	A
  167:	  0131	E9				mov a, r1
  168:	  0132	93				MOVC 	A,@A+DPTR
  169:						;mov r1,dpl
  170:	  0133	60 67				jz FINISH_21
  171:	  0135	F5 31				mov 31h,a
  172:	  0137	B4 34 33			cjne a,#34h,check_four
  173:	  013A	E5 30				mov a,30h
  174:	  013C	B4 32 2E			cjne a,#32h,check_four
  175:
  176:						; day as extra feature
  177:	  013F	90 02 6B			MOV DPTR, #day
  178:	  0142	75 41 C2			mov 41h,#0c2H
  179:	  0145	75 40 03			mov 40h,#3
  180:	  0148	E5 41		l1:		MOV A, 41h
  181:	  014A	85 32 82			mov dpl,32h
  182:	  014D	51 08				ACALL 	COMMAND
  183:	  014F	51 39				ACALL 	DELAY
  184:	  0151	E4				CLR 	A
  185:	  0152	93				MOVC 	A,@A+DPTR
  186:	  0153	85 82 32			mov 32h,dpl
  187:	  0156	05 32				inc 32h
  188:	  0158	60 0E				jz dayFINISH
  189:	  015A	12 02 18			LCALL 	DISPLAY
  190:	  015D	12 02 39			LCALL 	DELAY
  191:	  0160	05 41				inc 41h
  192:	  0162	D5 40 E3			djnz 40h,l1
  193:
  194:	  0165	02 01 10			ljmp start
  195:	  0168			dayFINISH:
  196:	  0168	85 43 32			mov 32h,43h
  197:	  016B	80 DB				sjmp l1
  198:
  199:	  016D			check_four:
  200:	  016D	C2 A0				clr p2.0
  201:	  016F	12 02 42			lcall DELAYsec
  202:	  0172	D2 A0				setb p2.0
  203:	  0174	E5 31				mov a,31h
  204:	  0176	12 02 18			LCALL 	DISPLAY
  205:	  0179	12 02 39			LCALL 	DELAY
  206:	  017C	80 03				sjmp a1
  207:	  017E	02 02 01	FINISH_12:	ljmp FINISH_1
  208:	  0181			a1:
  209:				;		min loop start
  210:
  211:	  0181	90 02 55	min1:		mov dptr, #MSG_2

ASEM-51 V1.3                                         Copyright (c) 2002 by W.W. Heinz                                         PAGE 5



 Line  I  Addr  Code            Source

  212:	  0184	74 85				MOV A, #085H
  213:	  0186	51 08				ACALL 	COMMAND
  214:	  0188	51 39				ACALL 	DELAY
  215:	  018A	E4				CLR 	A
  216:	  018B	EA				mov a,r2
  217:	  018C	93				MOVC 	A,@A+DPTR
  218:	  018D	B4 36 02			cjne a,#36h,check_six
  219:	  0190	80 64				sjmp minend
  220:	  0192	F5 F0		check_six:	mov b,a
  221:						;mov r2,dpl
  222:	  0194	12 02 18			LCALL 	DISPLAY
  223:	  0197	12 02 39			LCALL 	DELAY
  224:
  225:	  019A	80 03				sjmp a2
  226:	  019C	02 01 FC	FINISH_21:	ljmp FINISH_2
  227:	  019F			a2:
  228:
  229:
  230:	  019F	0A		secend:		inc r2
  231:
  232:	  01A0	90 02 55	min2:		mov dptr, #MSG_2
  233:	  01A3	74 86				MOV A, #086H
  234:	  01A5	51 08				ACALL 	COMMAND
  235:	  01A7	51 39				ACALL 	DELAY
  236:	  01A9	E4				CLR 	A
  237:	  01AA	EB				mov a,r3
  238:	  01AB	93				MOVC 	A,@A+DPTR
  239:						;mov r3,dpl
  240:	  01AC	60 43				jz minFINISH_3
  241:
  242:	  01AE	12 02 18			LCALL 	DISPLAY
  243:	  01B1	12 02 39			LCALL 	DELAY
  244:
  245:
  246:				;		second loop start
  247:
  248:	  01B4	90 02 60	sec1:		mov dptr, #MSG_3
  249:	  01B7	74 88				MOV A, #088H
  250:	  01B9	51 08				ACALL 	COMMAND
  251:	  01BB	51 39				ACALL 	DELAY
  252:	  01BD	E4				CLR 	A
  253:	  01BE	EE				mov a,r6
  254:	  01BF	93				MOVC 	A,@A+DPTR
  255:	  01C0	B4 36 02			cjne a,#36h,check_six_sec
  256:	  01C3	80 26				sjmp second
  257:	  01C5	F5 F0		check_six_sec:	mov b,a
  258:						;mov r6,dpl
  259:	  01C7	12 02 18			LCALL 	DISPLAY
  260:	  01CA	12 02 39			LCALL 	DELAY
  261:	  01CD	0E				inc r6
  262:
  263:	  01CE	90 02 60	sec2:		mov dptr, #MSG_3
  264:	  01D1	74 89				MOV A, #089H
  265:	  01D3	51 08				ACALL 	COMMAND
  266:	  01D5	51 39				ACALL 	DELAY
  267:	  01D7	E4				CLR 	A

ASEM-51 V1.3                                         Copyright (c) 2002 by W.W. Heinz                                         PAGE 6



 Line  I  Addr  Code            Source

  268:	  01D8	EF				mov a,r7
  269:	  01D9	93				MOVC 	A,@A+DPTR
  270:						;mov r7,dpl
  271:	  01DA	60 0A				jz secFINISH_3
  272:
  273:	  01DC	12 02 18			LCALL 	DISPLAY
  274:	  01DF	12 02 42			LCALL 	DELAYsec	;call another delay here like delaysec and calculate this de
				lay to make it 1 sec... and primary code will be done
  275:	  01E2	0F				inc r7
  276:						;mov dpl,r7
  277:	  01E3	02 01 CE			ljmp sec2
  278:	  01E6			secFINISH_3:
  279:	  01E6	7F 00				mov r7, #0h
  280:						;mov dpl,r6
  281:	  01E8	02 01 B4			ljmp sec1
  282:
  283:	  01EB			second:		;sec END
  284:	  01EB	7E 00				mov r6,#0h
  285:	  01ED	0B				inc r3
  286:						;mov dpl,r3
  287:	  01EE	02 01 A0			ljmp min2
  288:	  01F1			minFINISH_3:
  289:	  01F1	7B 00				mov r3,#0h
  290:						;mov dpl,r2
  291:	  01F3	02 01 81			ljmp min1
  292:
  293:						;min END
  294:	  01F6			minend:
  295:	  01F6	7A 00				mov r2,#0h
  296:	  01F8	09				inc r1
  297:						;mov dpl,r1
  298:	  01F9	02 01 27			ljmp LOOP_2
  299:
  300:
  301:	  01FC			FINISH_2:
  302:	  01FC	79 00				mov r1,#0h
  303:						;mov dpl,r0
  304:	  01FE	02 01 10			ljmp LOOP_1
  305:	  0201			FINISH_1:
  306:	  0201	79 00				mov r1,#0h
  307:	  0203	78 00				mov r0, #0h
  308:	  0205	02 01 10			ljmp start
  309:
  310:
  311:	  0208			COMMAND:
  312:	  0208	12 02 29			LCALL READY
  313:	  020B	F5 80		 		MOV P0,A
  314:	  020D	C2 A5				CLR RS
  315:	  020F	C2 A6				CLR RW
  316:	  0211	D2 A7				SETB ENBL
  317:	  0213	51 39				ACALL DELAY
  318:	  0215	C2 A7				CLR ENBL
  319:	  0217	22				RET
  320:	  0218			DISPLAY:
  321:	  0218	12 02 29			LCALL 	READY
  322:	  021B	F5 80				MOV P0, A

ASEM-51 V1.3                                         Copyright (c) 2002 by W.W. Heinz                                         PAGE 7



 Line  I  Addr  Code            Source

  323:	  021D	D2 A5				SETB 	RS
  324:	  021F	C2 A6			  	CLR 	RW
  325:	  0221	D2 A7				SETB 	ENBL
  326:	  0223	12 02 39			LCALL 	DELAY
  327:	  0226	C2 A7			  	CLR 	ENBL
  328:	  0228	22				RET
  329:
  330:	  0229			READY:
  331:	  0229	D2 87				SETB 	P0.7
  332:	  022B	C2 A5		 		CLR 	RS
  333:	  022D	D2 A6		  		SETB 	RW
  334:	  022F			WAIT:
  335:	  022F	C2 A7				CLR 	ENBL
  336:	  0231	51 39				ACALL 	DELAY
  337:	  0233	D2 A7		  		SETB 	ENBL
  338:	  0235	20 87 F7			JB 	P0.7, WAIT
  339:	  0238	22		   		RET
  340:	  0239			DELAY:
  341:	  0239	7D 32				MOV 	R5, #50
  342:	  023B			AGAIN_21:
  343:	  023B	7C 64				MOV 	R4, #100
  344:	  023D			AGAIN11:
  345:	  023D	DC FE				DJNZ 	R4, AGAIN11
  346:	  023F	DD FA				DJNZ R5, AGAIN_21
  347:	  0241	22				RET
  348:
  349:	  0242			DELAYsec:
  350:	  0242	75 45 0A			mov 45h, #10
  351:	  0245			AGAIN_3:
  352:	  0245	7D C8				MOV 	R5, #200
  353:	  0247			AGAIN_2:
  354:	  0247	7C DC				MOV 	R4, #220
  355:	  0249			AGAIN:
  356:	  0249	DC FE				DJNZ 	R4, AGAIN
  357:	  024B	DD FA				DJNZ R5, AGAIN_2
  358:	  024D	D5 45 F5			djnz 45h,AGAIN_3
  359:	  0250	22				RET
  360:
  361:	  0251			MSG_1:
  362:	  0251	30 31 32 00			DB "012",0
  363:
  364:	  0255			MSG_2:
  365:	  0255	30 31 32 33			DB "0123456789",0
	  0259	34 35 36 37
	  025D	38 39 00
  366:
  367:	  0260			MSG_3:
  368:	  0260	30 31 32 33			DB "0123456789",0
	  0264	34 35 36 37
	  0268	38 39 00
  369:	  026B			day:
  370:	  026B	74 68 75 66			DB 'thufrisatsunmontuewed',0
	  026F	72 69 73 61
	  0273	74 73 75 6E
	  0277	6D 6F 6E 74
	  027B	75 65 77 65

ASEM-51 V1.3                                         Copyright (c) 2002 by W.W. Heinz                                         PAGE 8



 Line  I  Addr  Code            Source

	  027F	64 00
  371:
  372:	  0281	07 08 09 49	KCODE3: DB 7,8,9,'I' ;ROWnumber 0
  373:	  0285	04 05 06 55	KCODE1: DB 4,5,6,'U' ;ROWnumber 1
  374:	  0289	01 02 03 54	KCODE0: DB 1,2,3,'T' ;ROWnumber 2
  375:	  028D	99 00 3D 2B	KCODE2: DB 99H,0,'=','+' ;ROWnumber 3
  376:
  377:						END





                     register banks used:  ---

                     no errors




ASEM-51 V1.3                                         Copyright (c) 2002 by W.W. Heinz                                         PAGE 9





	       L I S T   O F   S Y M B O L S
	       =============================


SYMBOL				  TYPE     VALUE	LINE
------------------------------------------------------------
??ASEM_51			  NUMBER    8051
??VERSION			  NUMBER    0130
A1				  CODE	    0181	 208
A2				  CODE	    019F	 227
AC				  BIT	      D6
ACC				  DATA	      E0
AGAIN				  CODE	    0249	 355
AGAIN11				  CODE	    023D	 344
AGAIN_2				  CODE	    0247	 353
AGAIN_21			  CODE	    023B	 342
AGAIN_3				  CODE	    0245	 351
B				  DATA	      F0
CHECK_FOUR			  CODE	    016D	 199
CHECK_SIX			  CODE	    0192	 220
CHECK_SIX_SEC			  CODE	    01C5	 257
COMMAND				  CODE	    0208	 311
CY				  BIT	      D7
DAY				  CODE	    026B	 369
DAYFINISH			  CODE	    0168	 195
DELAY				  CODE	    0239	 340
DELAYSEC			  CODE	    0242	 349
DISPLAY				  CODE	    0218	 320
DPH				  DATA	      83
DPL				  DATA	      82
EA				  BIT	      AF
ENBL				  NUMBER    00A7	   6
ES				  BIT	      AC
ET0				  BIT	      A9
ET1				  BIT	      AB
EX0				  BIT	      A8
EX1				  BIT	      AA
EXTI0				  CODE	    0003
EXTI1				  CODE	    0013
F0				  BIT	      D5
FIND				  CODE	    0092	  74
FINISH_1			  CODE	    0201	 305
FINISH_12			  CODE	    017E	 207
FINISH_2			  CODE	    01FC	 301
FINISH_21			  CODE	    019C	 226
IE				  DATA	      A8
IE0				  BIT	      89
IE1				  BIT	      8B
INT0				  BIT	      B2
INT1				  BIT	      B3
IP				  DATA	      B8
IT0				  BIT	      88
IT1				  BIT	      8A
K1				  CODE	    0038	  31
K2				  CODE	    0042	  36
KCODE0				  CODE	    0289	 374

ASEM-51 V1.3                                        Copyright (c) 2002 by W.W. Heinz                                         PAGE 10



SYMBOL				  TYPE     VALUE	LINE
------------------------------------------------------------
KCODE1				  CODE	    0285	 373
KCODE2				  CODE	    028D	 375
KCODE3				  CODE	    0281	 372
KEYBOARD			  CODE	    0034	  28
L1				  CODE	    0148	 180
L12				  CODE	    00F3	 129
LOOP_1				  CODE	    0110	 144
LOOP_2				  CODE	    0127	 162
MATCH				  CODE	    0098	  79
MIN1				  CODE	    0181	 211
MIN2				  CODE	    01A0	 232
MINEND				  CODE	    01F6	 294
MINFINISH_3			  CODE	    01F1	 288
MSG_1				  CODE	    0251	 361
MSG_2				  CODE	    0255	 364
MSG_3				  CODE	    0260	 367
ON_AC				  CODE	    00A3	  86
OV				  BIT	      D2
OVER				  CODE	    004D	  42
OVER1				  CODE	    0058	  48
P				  BIT	      D0
P0				  DATA	      80
P1				  DATA	      90
P2				  DATA	      A0
P3				  DATA	      B0
PCON				  DATA	      87
PS				  BIT	      BC
PSW				  DATA	      D0
PT0				  BIT	      B9
PT1				  BIT	      BB
PX0				  BIT	      B8
PX1				  BIT	      BA
RB8				  BIT	      9A
RD				  BIT	      B7
READY				  CODE	    0229	 330
REN				  BIT	      9C
RESET				  CODE	    0000
RI				  BIT	      98
ROW_0				  CODE	    0080	  66
ROW_1				  CODE	    0085	  68
ROW_2				  CODE	    008A	  70
ROW_3				  CODE	    008F	  72
RS				  NUMBER    00A5	   4
RS0				  BIT	      D3
RS1				  BIT	      D4
RW				  NUMBER    00A6	   5
RXD				  BIT	      B0
SBUF				  DATA	      99
SCON				  DATA	      98
SEC1				  CODE	    01B4	 248
SEC2				  CODE	    01CE	 263
SECEND				  CODE	    019F	 230
SECFINISH_3			  CODE	    01E6	 278
SECOND				  CODE	    01EB	 283
SINT				  CODE	    0023
SM0				  BIT	      9F

ASEM-51 V1.3                                        Copyright (c) 2002 by W.W. Heinz                                         PAGE 11



SYMBOL				  TYPE     VALUE	LINE
------------------------------------------------------------
SM1				  BIT	      9E
SM2				  BIT	      9D
SP				  DATA	      81
START				  CODE	    0110	 143
T0				  BIT	      B4
T1				  BIT	      B5
TB8				  BIT	      9B
TCON				  DATA	      88
TF0				  BIT	      8D
TF1				  BIT	      8F
TH0				  DATA	      8C
TH1				  DATA	      8D
TI				  BIT	      99
TIMER0				  CODE	    000B
TIMER1				  CODE	    001B
TL0				  DATA	      8A
TL1				  DATA	      8B
TMOD				  DATA	      89
TR0				  BIT	      8C
TR1				  BIT	      8E
TXD				  BIT	      B1
WAIT				  CODE	    022F	 334
WR				  BIT	      B6
