
ASEM-51 V1.3                                         Copyright (c) 2002 by W.W. Heinz                                         PAGE 1





       MCS-51 Family Macro Assembler   A S E M - 5 1   V 1.3
       =====================================================



	Source File:	C:\AK Nahin\Academic Resources\24 hour clock with assembly language for 8052\Exam\clockTime.asm
	Object File:	C:\AK Nahin\Academic Resources\24 hour clock with assembly language for 8052\Exam\clockTime.hex
	List File:	C:\AK Nahin\Academic Resources\24 hour clock with assembly language for 8052\Exam\clockTime.lst



 Line  I  Addr  Code            Source

    1:		N      0000	ORG 	00H
    2:	  0000	75 81 70	MOV	SP, #70H
    3:	  0003	75 D0 00	MOV 	PSW, #00H
    4:		B      00A5	RS	EQU P2.5
    5:		B      00A6	RW 	EQU P2.6
    6:		B      00A7	ENBL	EQU P2.7
    7:
    8:	  0006	74 38				MOV	A, #38H			;init. LCD 2 lines, 5x7 matrix
    9:	  0008	12 02 06			LCALL	COMMAND		;call command subroutine
   10:	  000B	12 02 37			LCALL DELAY			;give LCD some time
   11:	  000E	74 0E				MOV 	A, #0EH			;dispplay on, cursor on
   12:	  0010	12 02 06			LCALL	COMMAND		;call command subroutine
   13:	  0013	12 02 37			LCALL 	DELAY			;give LCD some time
   14:	  0016	74 01				MOV	A, #01			;clear LCD
   15:	  0018	12 02 06			LCALL	COMMAND		;call command subroutine
   16:	  001B	12 02 37			LCALL 	DELAY			;give LCD some time
   17:	  001E	74 06				MOV	A, #06H			;shift cursor right
   18:	  0020	12 02 06			LCALL	COMMAND		;call command subroutine
   19:	  0023	12 02 37			LCALL 	DELAY			;give LCD some time
   20:	  0026	74 82				MOV	A, #82H			;cursor at line 1 postion 1
   21:	  0028	12 02 06			LCALL	COMMAND		;call command subroutine
   22:	  002B	12 02 37			LCALL DELAY			;give LCD some time
   23:	  002E	51 37				ACALL 	DELAY
   24:
   25:	  0030	78 50		mov r0,#50h
   26:	  0032	7C 02		mov r4,#2
   27:				; Keyboard   function
   28:	  0034			keyboard:
   29:	  0034	74 0F			MOV A,#0FH
   30:	  0036	F5 B0			MOV P3,A
   31:	  0038	75 B0 0F	K1: 	MOV P3,#00001111B
   32:	  003B	E5 B0			MOV A,P3
   33:	  003D	54 0F			ANL A,#00001111B
   34:	  003F	B4 0F F6		CJNE A,#00001111B,K1
   35:
   36:	  0042	51 37		K2: 	ACALL DELAY
   37:	  0044	E5 B0			MOV A,P3
   38:	  0046	54 0F			ANL A,#00001111B
   39:	  0048	B4 0F 02		CJNE A,#00001111B,OVER
   40:	  004B	80 F5			SJMP K2
   41:
   42:	  004D	51 37		OVER: ACALL DELAY
   43:	  004F	E5 B0			MOV A,P3

ASEM-51 V1.3                                         Copyright (c) 2002 by W.W. Heinz                                         PAGE 2



 Line  I  Addr  Code            Source

   44:	  0051	54 0F			ANL A,#00001111B
   45:	  0053	B4 0F 02		CJNE A,#00001111B,OVER1
   46:	  0056	80 EA			SJMP K2
   47:
   48:	  0058	75 B0 EF	OVER1: 	MOV P3,#11101111B
   49:	  005B	E5 B0			MOV A,P3
   50:	  005D	54 0F			ANL A,#00001111B
   51:	  005F	B4 0F 1E		CJNE A,#00001111B,ROW_0
   52:	  0062	75 B0 DF		MOV P3,#11011111B
   53:	  0065	E5 B0			MOV A,P3
   54:	  0067	54 0F			ANL A,#00001111B
   55:	  0069	B4 0F 19		CJNE A,#00001111B,ROW_1
   56:	  006C	75 B0 7F		MOV P3,#01111111B
   57:	  006F	E5 B0			MOV A,P3
   58:	  0071	54 0F			ANL A,#00001111B
   59:	  0073	B4 0F 14		CJNE A,#00001111B,ROW_2
   60:	  0076	75 B0 BF		MOV P3,#10111111B
   61:	  0079	E5 B0			MOV A,P3
   62:	  007B	54 0F			ANL A,#00001111B
   63:	  007D	B4 0F 0F		CJNE A,#00001111B,ROW_3
   64:					;LJMP K2
   65:
   66:	  0080	90 02 87	ROW_0: 	MOV DPTR,#KCODE0
   67:	  0083	80 0D			SJMP FIND
   68:	  0085	90 02 83	ROW_1: 	MOV DPTR,#KCODE1
   69:	  0088	80 08			SJMP FIND
   70:	  008A	90 02 8B	ROW_2: 	MOV DPTR,#KCODE2
   71:	  008D	80 03			SJMP FIND
   72:	  008F	90 02 7F	ROW_3: 	MOV DPTR,#KCODE3
   73:
   74:	  0092	13		FIND: 	RRC A
   75:	  0093	50 03			JNC MATCH
   76:	  0095	A3			INC DPTR
   77:	  0096	80 FA			SJMP FIND
   78:
   79:	  0098	E4		MATCH: 	CLR A
   80:	  0099	93			MOVC A,@A+DPTR
   81:	  009A	B4 99 06		CJNE A, #99H, ON_AC
   82:	  009D	74 01			MOV A,#01
   83:	  009F	51 06			ACALL COMMAND
   84:	  00A1	51 37			ACALL DELAY
   85:					;LJMP K1
   86:	  00A3	51 16		ON_AC: 	ACALL DISPLAY
   87:	  00A5	51 37			ACALL DELAY
   88:	  00A7	F6			mov @r0,a
   89:	  00A8	08			inc r0
   90:	  00A9	B8 56 88		cjne r0, #56h, keyboard
   91:					;LJMP K1
   92:	  00AC	A8 50		mov r0,50h	;h1
   93:	  00AE	A9 51		mov r1,51h	;h0
   94:	  00B0	AA 52		mov r2,52h	;m1
   95:	  00B2	AB 53		mov r3,53h	;m0
   96:	  00B4	AE 54		mov r6,54h	;s1
   97:	  00B6	AF 55		mov r7,55h	;s0
   98:
   99:	  00B8	7C 00		mov r4,#0h

ASEM-51 V1.3                                         Copyright (c) 2002 by W.W. Heinz                                         PAGE 3



 Line  I  Addr  Code            Source

  100:	  00BA	7D 00		mov r5,#0h
  101:	  00BC	75 32 00	mov 32h,#0h
  102:	  00BF	D2 A0		setb p2.0
  103:
  104:
  105:	  00C1	74 84				MOV A, #084H
  106:	  00C3	51 06				ACALL 	COMMAND
  107:	  00C5	51 37				ACALL 	DELAY
  108:	  00C7	E4				CLR 	A
  109:	  00C8	74 3A				MOV	A,#3ah
  110:	  00CA	12 02 16			LCALL 	DISPLAY
  111:	  00CD	12 02 37			LCALL 	DELAY
  112:
  113:	  00D0	74 87				MOV A, #087H
  114:	  00D2	51 06				ACALL 	COMMAND
  115:	  00D4	51 37				ACALL 	DELAY
  116:	  00D6	E4				CLR 	A
  117:	  00D7	74 3A				MOV	A,#3ah
  118:	  00D9	12 02 16			LCALL 	DISPLAY
  119:	  00DC	12 02 37			LCALL 	DELAY
  120:	  00DF	90 02 69			MOV DPTR, #day
  121:	  00E2	85 82 43			mov 43h, dpl
  122:	  00E5	85 82 32			mov 32h,dpl
  123:						; day as extra feature
  124:	  00E8	90 02 69			MOV DPTR, #day
  125:	  00EB	75 41 C2			mov 41h,#0c2H
  126:	  00EE	75 40 03			mov 40h,#3
  127:	  00F1	E5 41		l12:		MOV A, 41h
  128:	  00F3	85 32 82			mov dpl,32h
  129:	  00F6	51 06				ACALL 	COMMAND
  130:	  00F8	51 37				ACALL 	DELAY
  131:	  00FA	E4				CLR 	A
  132:	  00FB	93				MOVC 	A,@A+DPTR
  133:	  00FC	85 82 32			mov 32h,dpl
  134:	  00FF	05 32				inc 32h
  135:	  0101	60 63				jz dayFINISH
  136:	  0103	12 02 16			LCALL 	DISPLAY
  137:	  0106	12 02 37			LCALL 	DELAY
  138:	  0109	05 41				inc 41h
  139:	  010B	D5 40 E3			djnz 40h,l12
  140:
  141:	  010E			start:
  142:	  010E	90 02 4F	LOOP_1: 	MOV DPTR, #MSG_1
  143:	  0111	74 82				MOV A, #082H
  144:	  0113	51 06				ACALL 	COMMAND
  145:	  0115	51 37				ACALL 	DELAY
  146:
  147:	  0117	E4				CLR 	A
  148:	  0118	E8				mov a, r0
  149:	  0119	93				MOVC 	A,@A+DPTR
  150:	  011A	F5 30				mov 30h,a
  151:						;mov r0,dpl
  152:	  011C	60 5E				jz FINISH_12
  153:	  011E	12 02 16			LCALL 	DISPLAY
  154:	  0121	12 02 37			LCALL 	DELAY
  155:	  0124	08				inc r0

ASEM-51 V1.3                                         Copyright (c) 2002 by W.W. Heinz                                         PAGE 4



 Line  I  Addr  Code            Source

  156:
  157:
  158:
  159:
  160:	  0125	90 02 53	LOOP_2: 	mov dptr, #MSG_2
  161:	  0128	74 83				MOV A, #083H
  162:	  012A	51 06				ACALL 	COMMAND
  163:	  012C	51 37				ACALL 	DELAY
  164:	  012E	E4				CLR 	A
  165:	  012F	E9				mov a, r1
  166:	  0130	93				MOVC 	A,@A+DPTR
  167:						;mov r1,dpl
  168:	  0131	60 67				jz FINISH_21
  169:	  0133	F5 31				mov 31h,a
  170:	  0135	B4 34 33			cjne a,#34h,check_four
  171:	  0138	E5 30				mov a,30h
  172:	  013A	B4 32 2E			cjne a,#32h,check_four
  173:
  174:						; day as extra feature
  175:	  013D	90 02 69			MOV DPTR, #day
  176:	  0140	75 41 C2			mov 41h,#0c2H
  177:	  0143	75 40 03			mov 40h,#3
  178:	  0146	E5 41		l1:		MOV A, 41h
  179:	  0148	85 32 82			mov dpl,32h
  180:	  014B	51 06				ACALL 	COMMAND
  181:	  014D	51 37				ACALL 	DELAY
  182:	  014F	E4				CLR 	A
  183:	  0150	93				MOVC 	A,@A+DPTR
  184:	  0151	85 82 32			mov 32h,dpl
  185:	  0154	05 32				inc 32h
  186:	  0156	60 0E				jz dayFINISH
  187:	  0158	12 02 16			LCALL 	DISPLAY
  188:	  015B	12 02 37			LCALL 	DELAY
  189:	  015E	05 41				inc 41h
  190:	  0160	D5 40 E3			djnz 40h,l1
  191:
  192:	  0163	02 01 0E			ljmp start
  193:	  0166			dayFINISH:
  194:	  0166	85 43 32			mov 32h,43h
  195:	  0169	80 DB				sjmp l1
  196:
  197:	  016B			check_four:
  198:	  016B	C2 A0				clr p2.0
  199:	  016D	12 02 40			lcall DELAYsec
  200:	  0170	D2 A0				setb p2.0
  201:	  0172	E5 31				mov a,31h
  202:	  0174	12 02 16			LCALL 	DISPLAY
  203:	  0177	12 02 37			LCALL 	DELAY
  204:	  017A	80 03				sjmp a1
  205:	  017C	02 01 FF	FINISH_12:	ljmp FINISH_1
  206:	  017F			a1:
  207:				;		min loop start
  208:
  209:	  017F	90 02 53	min1:		mov dptr, #MSG_2
  210:	  0182	74 85				MOV A, #085H
  211:	  0184	51 06				ACALL 	COMMAND

ASEM-51 V1.3                                         Copyright (c) 2002 by W.W. Heinz                                         PAGE 5



 Line  I  Addr  Code            Source

  212:	  0186	51 37				ACALL 	DELAY
  213:	  0188	E4				CLR 	A
  214:	  0189	EA				mov a,r2
  215:	  018A	93				MOVC 	A,@A+DPTR
  216:	  018B	B4 36 02			cjne a,#36h,check_six
  217:	  018E	80 64				sjmp minend
  218:	  0190	F5 F0		check_six:	mov b,a
  219:						;mov r2,dpl
  220:	  0192	12 02 16			LCALL 	DISPLAY
  221:	  0195	12 02 37			LCALL 	DELAY
  222:
  223:	  0198	80 03				sjmp a2
  224:	  019A	02 01 FA	FINISH_21:	ljmp FINISH_2
  225:	  019D			a2:
  226:
  227:
  228:	  019D	0A		secend:		inc r2
  229:
  230:	  019E	90 02 53	min2:		mov dptr, #MSG_2
  231:	  01A1	74 86				MOV A, #086H
  232:	  01A3	51 06				ACALL 	COMMAND
  233:	  01A5	51 37				ACALL 	DELAY
  234:	  01A7	E4				CLR 	A
  235:	  01A8	EB				mov a,r3
  236:	  01A9	93				MOVC 	A,@A+DPTR
  237:						;mov r3,dpl
  238:	  01AA	60 43				jz minFINISH_3
  239:
  240:	  01AC	12 02 16			LCALL 	DISPLAY
  241:	  01AF	12 02 37			LCALL 	DELAY
  242:
  243:
  244:				;		second loop start
  245:
  246:	  01B2	90 02 5E	sec1:		mov dptr, #MSG_3
  247:	  01B5	74 88				MOV A, #088H
  248:	  01B7	51 06				ACALL 	COMMAND
  249:	  01B9	51 37				ACALL 	DELAY
  250:	  01BB	E4				CLR 	A
  251:	  01BC	EE				mov a,r6
  252:	  01BD	93				MOVC 	A,@A+DPTR
  253:	  01BE	B4 36 02			cjne a,#36h,check_six_sec
  254:	  01C1	80 26				sjmp second
  255:	  01C3	F5 F0		check_six_sec:	mov b,a
  256:						;mov r6,dpl
  257:	  01C5	12 02 16			LCALL 	DISPLAY
  258:	  01C8	12 02 37			LCALL 	DELAY
  259:	  01CB	0E				inc r6
  260:
  261:	  01CC	90 02 5E	sec2:		mov dptr, #MSG_3
  262:	  01CF	74 89				MOV A, #089H
  263:	  01D1	51 06				ACALL 	COMMAND
  264:	  01D3	51 37				ACALL 	DELAY
  265:	  01D5	E4				CLR 	A
  266:	  01D6	EF				mov a,r7
  267:	  01D7	93				MOVC 	A,@A+DPTR

ASEM-51 V1.3                                         Copyright (c) 2002 by W.W. Heinz                                         PAGE 6



 Line  I  Addr  Code            Source

  268:						;mov r7,dpl
  269:	  01D8	60 0A				jz secFINISH_3
  270:
  271:	  01DA	12 02 16			LCALL 	DISPLAY
  272:	  01DD	12 02 40			LCALL 	DELAYsec	;call another delay here like delaysec and calculate this de
				lay to make it 1 sec... and primary code will be done
  273:	  01E0	0F				inc r7
  274:						;mov dpl,r7
  275:	  01E1	02 01 CC			ljmp sec2
  276:	  01E4			secFINISH_3:
  277:	  01E4	7F 00				mov r7, #0h
  278:						;mov dpl,r6
  279:	  01E6	02 01 B2			ljmp sec1
  280:
  281:	  01E9			second:		;sec END
  282:	  01E9	7E 00				mov r6,#0h
  283:	  01EB	0B				inc r3
  284:						;mov dpl,r3
  285:	  01EC	02 01 9E			ljmp min2
  286:	  01EF			minFINISH_3:
  287:	  01EF	7B 00				mov r3,#0h
  288:						;mov dpl,r2
  289:	  01F1	02 01 7F			ljmp min1
  290:
  291:						;min END
  292:	  01F4			minend:
  293:	  01F4	7A 00				mov r2,#0h
  294:	  01F6	09				inc r1
  295:						;mov dpl,r1
  296:	  01F7	02 01 25			ljmp LOOP_2
  297:
  298:
  299:	  01FA			FINISH_2:
  300:	  01FA	79 00				mov r1,#0h
  301:						;mov dpl,r0
  302:	  01FC	02 01 0E			ljmp LOOP_1
  303:	  01FF			FINISH_1:
  304:	  01FF	79 00				mov r1,#0h
  305:	  0201	78 00				mov r0, #0h
  306:	  0203	02 01 0E			ljmp start
  307:
  308:
  309:	  0206			COMMAND:
  310:	  0206	12 02 27			LCALL READY
  311:	  0209	F5 80		 		MOV P0,A
  312:	  020B	C2 A5				CLR RS
  313:	  020D	C2 A6				CLR RW
  314:	  020F	D2 A7				SETB ENBL
  315:	  0211	51 37				ACALL DELAY
  316:	  0213	C2 A7				CLR ENBL
  317:	  0215	22				RET
  318:	  0216			DISPLAY:
  319:	  0216	12 02 27			LCALL 	READY
  320:	  0219	F5 80				MOV P0, A
  321:	  021B	D2 A5				SETB 	RS
  322:	  021D	C2 A6			  	CLR 	RW

ASEM-51 V1.3                                         Copyright (c) 2002 by W.W. Heinz                                         PAGE 7



 Line  I  Addr  Code            Source

  323:	  021F	D2 A7				SETB 	ENBL
  324:	  0221	12 02 37			LCALL 	DELAY
  325:	  0224	C2 A7			  	CLR 	ENBL
  326:	  0226	22				RET
  327:
  328:	  0227			READY:
  329:	  0227	D2 87				SETB 	P0.7
  330:	  0229	C2 A5		 		CLR 	RS
  331:	  022B	D2 A6		  		SETB 	RW
  332:	  022D			WAIT:
  333:	  022D	C2 A7				CLR 	ENBL
  334:	  022F	51 37				ACALL 	DELAY
  335:	  0231	D2 A7		  		SETB 	ENBL
  336:	  0233	20 87 F7			JB 	P0.7, WAIT
  337:	  0236	22		   		RET
  338:	  0237			DELAY:
  339:	  0237	7D 32				MOV 	R5, #50
  340:	  0239			AGAIN_21:
  341:	  0239	7C 64				MOV 	R4, #100
  342:	  023B			AGAIN11:
  343:	  023B	DC FE				DJNZ 	R4, AGAIN11
  344:	  023D	DD FA				DJNZ R5, AGAIN_21
  345:	  023F	22				RET
  346:
  347:	  0240			DELAYsec:
  348:	  0240	75 45 0A			mov 45h, #10
  349:	  0243			AGAIN_3:
  350:	  0243	7D C8				MOV 	R5, #200
  351:	  0245			AGAIN_2:
  352:	  0245	7C DC				MOV 	R4, #220
  353:	  0247			AGAIN:
  354:	  0247	DC FE				DJNZ 	R4, AGAIN
  355:	  0249	DD FA				DJNZ R5, AGAIN_2
  356:	  024B	D5 45 F5			djnz 45h,AGAIN_3
  357:	  024E	22				RET
  358:
  359:	  024F			MSG_1:
  360:	  024F	30 31 32 00			DB "012",0
  361:
  362:	  0253			MSG_2:
  363:	  0253	30 31 32 33			DB "0123456789",0
	  0257	34 35 36 37
	  025B	38 39 00
  364:
  365:	  025E			MSG_3:
  366:	  025E	30 31 32 33			DB "0123456789",0
	  0262	34 35 36 37
	  0266	38 39 00
  367:	  0269			day:
  368:	  0269	74 68 75 66			DB 'thufrisatsunmontuewed',0
	  026D	72 69 73 61
	  0271	74 73 75 6E
	  0275	6D 6F 6E 74
	  0279	75 65 77 65
	  027D	64 00
  369:

ASEM-51 V1.3                                         Copyright (c) 2002 by W.W. Heinz                                         PAGE 8



 Line  I  Addr  Code            Source

  370:	  027F	07 08 09 49	KCODE3: DB 7,8,9,'I' ;ROWnumber 0
  371:	  0283	04 05 06 55	KCODE1: DB 4,5,6,'U' ;ROWnumber 1
  372:	  0287	01 02 03 54	KCODE0: DB 1,2,3,'T' ;ROWnumber 2
  373:	  028B	99 00 3D 2B	KCODE2: DB 99H,0,'=','+' ;ROWnumber 3
  374:
  375:						END





                     register banks used:  ---

                     no errors




ASEM-51 V1.3                                         Copyright (c) 2002 by W.W. Heinz                                         PAGE 9





	       L I S T   O F   S Y M B O L S
	       =============================


SYMBOL				  TYPE     VALUE	LINE
------------------------------------------------------------
??ASEM_51			  NUMBER    8051
??VERSION			  NUMBER    0130
A1				  CODE	    017F	 206
A2				  CODE	    019D	 225
AC				  BIT	      D6
ACC				  DATA	      E0
AGAIN				  CODE	    0247	 353
AGAIN11				  CODE	    023B	 342
AGAIN_2				  CODE	    0245	 351
AGAIN_21			  CODE	    0239	 340
AGAIN_3				  CODE	    0243	 349
B				  DATA	      F0
CHECK_FOUR			  CODE	    016B	 197
CHECK_SIX			  CODE	    0190	 218
CHECK_SIX_SEC			  CODE	    01C3	 255
COMMAND				  CODE	    0206	 309
CY				  BIT	      D7
DAY				  CODE	    0269	 367
DAYFINISH			  CODE	    0166	 193
DELAY				  CODE	    0237	 338
DELAYSEC			  CODE	    0240	 347
DISPLAY				  CODE	    0216	 318
DPH				  DATA	      83
DPL				  DATA	      82
EA				  BIT	      AF
ENBL				  NUMBER    00A7	   6
ES				  BIT	      AC
ET0				  BIT	      A9
ET1				  BIT	      AB
EX0				  BIT	      A8
EX1				  BIT	      AA
EXTI0				  CODE	    0003
EXTI1				  CODE	    0013
F0				  BIT	      D5
FIND				  CODE	    0092	  74
FINISH_1			  CODE	    01FF	 303
FINISH_12			  CODE	    017C	 205
FINISH_2			  CODE	    01FA	 299
FINISH_21			  CODE	    019A	 224
IE				  DATA	      A8
IE0				  BIT	      89
IE1				  BIT	      8B
INT0				  BIT	      B2
INT1				  BIT	      B3
IP				  DATA	      B8
IT0				  BIT	      88
IT1				  BIT	      8A
K1				  CODE	    0038	  31
K2				  CODE	    0042	  36
KCODE0				  CODE	    0287	 372

ASEM-51 V1.3                                        Copyright (c) 2002 by W.W. Heinz                                         PAGE 10



SYMBOL				  TYPE     VALUE	LINE
------------------------------------------------------------
KCODE1				  CODE	    0283	 371
KCODE2				  CODE	    028B	 373
KCODE3				  CODE	    027F	 370
KEYBOARD			  CODE	    0034	  28
L1				  CODE	    0146	 178
L12				  CODE	    00F1	 127
LOOP_1				  CODE	    010E	 142
LOOP_2				  CODE	    0125	 160
MATCH				  CODE	    0098	  79
MIN1				  CODE	    017F	 209
MIN2				  CODE	    019E	 230
MINEND				  CODE	    01F4	 292
MINFINISH_3			  CODE	    01EF	 286
MSG_1				  CODE	    024F	 359
MSG_2				  CODE	    0253	 362
MSG_3				  CODE	    025E	 365
ON_AC				  CODE	    00A3	  86
OV				  BIT	      D2
OVER				  CODE	    004D	  42
OVER1				  CODE	    0058	  48
P				  BIT	      D0
P0				  DATA	      80
P1				  DATA	      90
P2				  DATA	      A0
P3				  DATA	      B0
PCON				  DATA	      87
PS				  BIT	      BC
PSW				  DATA	      D0
PT0				  BIT	      B9
PT1				  BIT	      BB
PX0				  BIT	      B8
PX1				  BIT	      BA
RB8				  BIT	      9A
RD				  BIT	      B7
READY				  CODE	    0227	 328
REN				  BIT	      9C
RESET				  CODE	    0000
RI				  BIT	      98
ROW_0				  CODE	    0080	  66
ROW_1				  CODE	    0085	  68
ROW_2				  CODE	    008A	  70
ROW_3				  CODE	    008F	  72
RS				  NUMBER    00A5	   4
RS0				  BIT	      D3
RS1				  BIT	      D4
RW				  NUMBER    00A6	   5
RXD				  BIT	      B0
SBUF				  DATA	      99
SCON				  DATA	      98
SEC1				  CODE	    01B2	 246
SEC2				  CODE	    01CC	 261
SECEND				  CODE	    019D	 228
SECFINISH_3			  CODE	    01E4	 276
SECOND				  CODE	    01E9	 281
SINT				  CODE	    0023
SM0				  BIT	      9F

ASEM-51 V1.3                                        Copyright (c) 2002 by W.W. Heinz                                         PAGE 11



SYMBOL				  TYPE     VALUE	LINE
------------------------------------------------------------
SM1				  BIT	      9E
SM2				  BIT	      9D
SP				  DATA	      81
START				  CODE	    010E	 141
T0				  BIT	      B4
T1				  BIT	      B5
TB8				  BIT	      9B
TCON				  DATA	      88
TF0				  BIT	      8D
TF1				  BIT	      8F
TH0				  DATA	      8C
TH1				  DATA	      8D
TI				  BIT	      99
TIMER0				  CODE	    000B
TIMER1				  CODE	    001B
TL0				  DATA	      8A
TL1				  DATA	      8B
TMOD				  DATA	      89
TR0				  BIT	      8C
TR1				  BIT	      8E
TXD				  BIT	      B1
WAIT				  CODE	    022D	 332
WR				  BIT	      B6
